// Jest Snapshot v1, https://goo.gl/fbAQLP

exports[`ConnectionConfig should render component 1`] = `
<fieldset
  className="css-1qipljx"
  data-testid="connection-config"
>
  <legend
    className="css-xim8hk"
  >
    Connection Details
  </legend>
  <div
    className="css-1f5gueu"
  >
    <label
      className="css-knpcrf"
    >
      Authentication Provider
      <div
        className="css-1vzus6i-Icon"
        onMouseEnter={[Function]}
        onMouseLeave={[Function]}
      >
        <svg
          data-testid="info-circle"
          viewBox="0 0 24 24"
          xmlns="http://www.w3.org/2000/svg"
        />
      </div>
    </label>
    <div
      className="css-haofya-input-wrapper width-30 css-smioj7-Component"
      onKeyDown={[Function]}
    >
      <span
        aria-atomic="false"
        aria-live="polite"
        aria-relevant="additions text"
        className="css-1f43avz-a11yText-A11yText"
      />
      <div
        className="css-k6ld91"
        onMouseDown={[Function]}
        onTouchEnd={[Function]}
      >
        <div
          className="css-1kfautg-grafana-select-value-container"
        >
          <div
            className="css-sn2lc5"
          >
            Choose
          </div>
          <div
            className="css-17ragm3-Component"
          >
            <div
              className=""
              style={
                Object {
                  "display": "inline-block",
                }
              }
            >
              <input
                aria-autocomplete="list"
                autoCapitalize="none"
                autoComplete="off"
                autoCorrect="off"
                disabled={false}
                id="react-select-2-input"
                onBlur={[Function]}
                onChange={[Function]}
                onFocus={[Function]}
                spellCheck="false"
                style={
                  Object {
                    "background": 0,
                    "border": 0,
                    "boxSizing": "content-box",
                    "color": "inherit",
                    "fontSize": "inherit",
                    "label": "input",
                    "opacity": 1,
                    "outline": 0,
                    "padding": 0,
                    "width": "1px",
                  }
                }
                tabIndex="0"
                type="text"
                value=""
              />
              <div
                style={
                  Object {
                    "height": 0,
                    "left": 0,
                    "overflow": "scroll",
                    "position": "absolute",
                    "top": 0,
                    "visibility": "hidden",
                    "whiteSpace": "pre",
                  }
                }
              >
                
              </div>
            </div>
          </div>
        </div>
        <div
          className="css-uvldi-input-suffix"
        >
          <div
            className="css-1vzus6i-Icon"
          >
            <svg
              data-testid="angle-down"
              viewBox="0 0 24 24"
              xmlns="http://www.w3.org/2000/svg"
            />
          </div>
        </div>
      </div>
    </div>
  </div>
  <div
    className="css-1f5gueu"
  >
    <label
      className="css-knpcrf"
    >
      Endpoint
      <div
        className="css-1vzus6i-Icon"
        onMouseEnter={[Function]}
        onMouseLeave={[Function]}
      >
        <svg
          data-testid="info-circle"
          viewBox="0 0 24 24"
          xmlns="http://www.w3.org/2000/svg"
        />
      </div>
    </label>
    <div
      className="css-xcstkt-input-wrapper width-30"
    >
      <div
        className="css-1w5c5dq-input-inputWrapper"
      >
        <input
          className="css-1064hy6-input-input"
          onChange={[Function]}
          placeholder="https://{service}.{region}.amazonaws.com"
          style={
            Object {
              "paddingLeft": 12,
              "paddingRight": undefined,
            }
          }
          value=""
        />
      </div>
    </div>
  </div>
  <div
    className="css-1f5gueu"
  >
    <label
      className="css-knpcrf"
    >
      Default Region
      <div
        className="css-1vzus6i-Icon"
        onMouseEnter={[Function]}
        onMouseLeave={[Function]}
      >
        <svg
          data-testid="info-circle"
          viewBox="0 0 24 24"
          xmlns="http://www.w3.org/2000/svg"
        />
      </div>
    </label>
    <div
      className="css-haofya-input-wrapper width-30 css-smioj7-Component"
      onKeyDown={[Function]}
    >
      <span
        aria-atomic="false"
        aria-live="polite"
        aria-relevant="additions text"
        className="css-1f43avz-a11yText-A11yText"
      />
      <div
        className="css-k6ld91"
        onMouseDown={[Function]}
        onTouchEnd={[Function]}
      >
        <div
          className="css-1kfautg-grafana-select-value-container"
        >
          <div
            className="css-sn2lc5"
          >
            Choose
          </div>
          <div
            className="css-17ragm3-Component"
          >
            <div
              className=""
              style={
                Object {
                  "display": "inline-block",
                }
              }
            >
              <input
                aria-autocomplete="list"
                autoCapitalize="none"
                autoComplete="off"
                autoCorrect="off"
                disabled={false}
                id="react-select-3-input"
                onBlur={[Function]}
                onChange={[Function]}
                onFocus={[Function]}
                spellCheck="false"
                style={
                  Object {
                    "background": 0,
                    "border": 0,
                    "boxSizing": "content-box",
                    "color": "inherit",
                    "fontSize": "inherit",
                    "label": "input",
                    "opacity": 1,
                    "outline": 0,
                    "padding": 0,
                    "width": "1px",
                  }
                }
                tabIndex="0"
                type="text"
                value=""
              />
              <div
                style={
                  Object {
                    "height": 0,
                    "left": 0,
                    "overflow": "scroll",
                    "position": "absolute",
                    "top": 0,
                    "visibility": "hidden",
                    "whiteSpace": "pre",
                  }
                }
              >
                
              </div>
            </div>
          </div>
        </div>
        <div
          className="css-uvldi-input-suffix"
        >
          <div
            className="css-1vzus6i-Icon"
          >
            <svg
              data-testid="angle-down"
              viewBox="0 0 24 24"
              xmlns="http://www.w3.org/2000/svg"
            />
          </div>
        </div>
      </div>
    </div>
  </div>
</fieldset>
`;
